<?xml version='1.0' encoding='UTF-8'?>
<caom2:Observation xmlns:caom2="http://www.opencadc.org/caom2/xml/v2.4" xmlns:xsi="http://www.w3.org/2001/XMLSchema-instance" xsi:type="caom2:SimpleObservation" caom2:id="ecdf8182-04ec-4f9a-a96a-772b4a8ed78e" caom2:metaProducer="vlass2caom2/0.8">
  <caom2:collection>VLASS</caom2:collection>
  <caom2:observationID>VLASS2.1.T10t01.J000200-003000</caom2:observationID>
  <caom2:metaRelease>2020-07-17T11:36:03.600000</caom2:metaRelease>
  <caom2:algorithm>
    <caom2:name>exposure</caom2:name>
  </caom2:algorithm>
  <caom2:type>OBJECT</caom2:type>
  <caom2:intent>science</caom2:intent>
  <caom2:proposal>
    <caom2:id>VLASS2.1</caom2:id>
    <caom2:project>VLASS</caom2:project>
    <caom2:title>VLA Sky Survey</caom2:title>
  </caom2:proposal>
  <caom2:target>
    <caom2:name>J000200-003000</caom2:name>
    <caom2:type>field</caom2:type>
  </caom2:target>
  <caom2:telescope>
    <caom2:name>EVLA</caom2:name>
    <caom2:geoLocationX>-1601156.673287</caom2:geoLocationX>
    <caom2:geoLocationY>-5041988.986066</caom2:geoLocationY>
    <caom2:geoLocationZ>3554879.236821</caom2:geoLocationZ>
  </caom2:telescope>
  <caom2:instrument>
    <caom2:name>S-WIDAR</caom2:name>
  </caom2:instrument>
  <caom2:planes>
    <caom2:plane caom2:id="13a78b2e-492a-481a-be2f-ea89b5fc155d" caom2:metaProducer="vlass2caom2/0.11">
      <caom2:productID>VLASS2.1.T10t01.J000200-003000.continuum_imaging</caom2:productID>
      <caom2:metaRelease>2020-07-17T11:36:03.600</caom2:metaRelease>
      <caom2:dataRelease>2020-07-17T11:36:03.600</caom2:dataRelease>
      <caom2:dataProductType>image</caom2:dataProductType>
      <caom2:calibrationLevel>3</caom2:calibrationLevel>
      <caom2:provenance>
        <caom2:name>CASA 6.1.3-3 CASAtools:v1.0.0</caom2:name>
        <caom2:project>VLASS</caom2:project>
        <caom2:producer>NRAO</caom2:producer>
        <caom2:runID>v1</caom2:runID>
        <caom2:lastExecuted>2022-05-10T13:53:48.319</caom2:lastExecuted>
      </caom2:provenance>
      <caom2:artifacts>
        <caom2:artifact caom2:id="ea815e88-4f69-4e53-aac3-2173ec268c46" caom2:metaProducer="vlass2caom2/0.11">
          <caom2:uri>ad:VLASS/VLASS2.1.se.T10t01.J000200-003000.06.2048.v1.I.iter3.alpha.error.subim.fits</caom2:uri>
          <caom2:productType>science</caom2:productType>
          <caom2:releaseType>data</caom2:releaseType>
          <caom2:contentType>application/fits</caom2:contentType>
          <caom2:contentLength>12400</caom2:contentLength>
          <caom2:parts>
            <caom2:part caom2:id="beaa5d25-eb13-4bf3-9b31-d48b25b87cf6">
              <caom2:name>0</caom2:name>
              <caom2:chunks>
                <caom2:chunk caom2:id="7b21553a-0acb-48e5-b46e-d0f58e90394d" caom2:metaProducer="vlass2caom2/0.11">
                  <caom2:naxis>4</caom2:naxis>
                  <caom2:positionAxis1>1</caom2:positionAxis1>
                  <caom2:positionAxis2>2</caom2:positionAxis2>
                  <caom2:energyAxis>3</caom2:energyAxis>
                  <caom2:polarizationAxis>4</caom2:polarizationAxis>
                  <caom2:position>
                    <caom2:axis>
                      <caom2:axis1>
                        <caom2:ctype>RA---SIN</caom2:ctype>
                        <caom2:cunit>deg</caom2:cunit>
                      </caom2:axis1>
                      <caom2:axis2>
                        <caom2:ctype>DEC--SIN</caom2:ctype>
                        <caom2:cunit>deg</caom2:cunit>
                      </caom2:axis2>
                      <caom2:function>
                        <caom2:dimension>
                          <caom2:naxis1>6202</caom2:naxis1>
                          <caom2:naxis2>6202</caom2:naxis2>
                        </caom2:dimension>
                        <caom2:refCoord>
                          <caom2:coord1>
                            <caom2:pix>3101.0</caom2:pix>
                            <caom2:val>0.499993379290412</caom2:val>
                          </caom2:coord1>
                          <caom2:coord2>
                            <caom2:pix>3101.0</caom2:pix>
                            <caom2:val>-0.500047762078505</caom2:val>
                          </caom2:coord2>
                        </caom2:refCoord>
                        <caom2:cd11>-0.0001666666666667</caom2:cd11>
                        <caom2:cd12>0.0</caom2:cd12>
                        <caom2:cd21>0.0</caom2:cd21>
                        <caom2:cd22>0.0001666666666667</caom2:cd22>
                      </caom2:function>
                    </caom2:axis>
                    <caom2:coordsys>ICRS</caom2:coordsys>
                    <caom2:equinox>2000.0</caom2:equinox>
                    <caom2:resolution>2.470016376213491</caom2:resolution>
                  </caom2:position>
                  <caom2:energy>
                    <caom2:axis>
                      <caom2:axis>
                        <caom2:ctype>FREQ</caom2:ctype>
                        <caom2:cunit>Hz</caom2:cunit>
                      </caom2:axis>
                      <caom2:function>
                        <caom2:naxis>1</caom2:naxis>
                        <caom2:delta>2072349616.162</caom2:delta>
                        <caom2:refCoord>
                          <caom2:pix>1.0</caom2:pix>
                          <caom2:val>3000000000.0</caom2:val>
                        </caom2:refCoord>
                      </caom2:function>
                    </caom2:axis>
                    <caom2:specsys>LSRK</caom2:specsys>
                    <caom2:bandpassName>S-band</caom2:bandpassName>
                  </caom2:energy>
                  <caom2:polarization>
                    <caom2:axis>
                      <caom2:axis>
                        <caom2:ctype>STOKES</caom2:ctype>
                      </caom2:axis>
                      <caom2:function>
                        <caom2:naxis>1</caom2:naxis>
                        <caom2:delta>1.0</caom2:delta>
                        <caom2:refCoord>
                          <caom2:pix>1.0</caom2:pix>
                          <caom2:val>1.0</caom2:val>
                        </caom2:refCoord>
                      </caom2:function>
                    </caom2:axis>
                  </caom2:polarization>
                </caom2:chunk>
              </caom2:chunks>
            </caom2:part>
          </caom2:parts>
        </caom2:artifact>
        <caom2:artifact caom2:id="58abe4a8-c1f6-4fb6-8ba1-e3d4bc0239f3" caom2:metaProducer="vlass2caom2/0.11">
          <caom2:uri>ad:VLASS/VLASS2.1.se.T10t01.J000200-003000.06.2048.v1.I.iter3.alpha.subim.fits</caom2:uri>
          <caom2:productType>science</caom2:productType>
          <caom2:releaseType>data</caom2:releaseType>
          <caom2:contentType>application/fits</caom2:contentType>
          <caom2:contentLength>12313</caom2:contentLength>
          <caom2:parts>
            <caom2:part caom2:id="7df7c8a4-ab90-47ad-aa07-61930e50d901">
              <caom2:name>0</caom2:name>
              <caom2:chunks>
                <caom2:chunk caom2:id="75a9a727-e360-406e-acf1-63ddc5989912" caom2:metaProducer="vlass2caom2/0.11">
                  <caom2:naxis>4</caom2:naxis>
                  <caom2:positionAxis1>1</caom2:positionAxis1>
                  <caom2:positionAxis2>2</caom2:positionAxis2>
                  <caom2:energyAxis>3</caom2:energyAxis>
                  <caom2:polarizationAxis>4</caom2:polarizationAxis>
                  <caom2:position>
                    <caom2:axis>
                      <caom2:axis1>
                        <caom2:ctype>RA---SIN</caom2:ctype>
                        <caom2:cunit>deg</caom2:cunit>
                      </caom2:axis1>
                      <caom2:axis2>
                        <caom2:ctype>DEC--SIN</caom2:ctype>
                        <caom2:cunit>deg</caom2:cunit>
                      </caom2:axis2>
                      <caom2:function>
                        <caom2:dimension>
                          <caom2:naxis1>6202</caom2:naxis1>
                          <caom2:naxis2>6202</caom2:naxis2>
                        </caom2:dimension>
                        <caom2:refCoord>
                          <caom2:coord1>
                            <caom2:pix>3101.0</caom2:pix>
                            <caom2:val>0.499993379290412</caom2:val>
                          </caom2:coord1>
                          <caom2:coord2>
                            <caom2:pix>3101.0</caom2:pix>
                            <caom2:val>-0.500047762078505</caom2:val>
                          </caom2:coord2>
                        </caom2:refCoord>
                        <caom2:cd11>-0.0001666666666667</caom2:cd11>
                        <caom2:cd12>0.0</caom2:cd12>
                        <caom2:cd21>0.0</caom2:cd21>
                        <caom2:cd22>0.0001666666666667</caom2:cd22>
                      </caom2:function>
                    </caom2:axis>
                    <caom2:coordsys>ICRS</caom2:coordsys>
                    <caom2:equinox>2000.0</caom2:equinox>
                    <caom2:resolution>2.470016376213491</caom2:resolution>
                  </caom2:position>
                  <caom2:energy>
                    <caom2:axis>
                      <caom2:axis>
                        <caom2:ctype>FREQ</caom2:ctype>
                        <caom2:cunit>Hz</caom2:cunit>
                      </caom2:axis>
                      <caom2:function>
                        <caom2:naxis>1</caom2:naxis>
                        <caom2:delta>2072349616.162</caom2:delta>
                        <caom2:refCoord>
                          <caom2:pix>1.0</caom2:pix>
                          <caom2:val>3000000000.0</caom2:val>
                        </caom2:refCoord>
                      </caom2:function>
                    </caom2:axis>
                    <caom2:specsys>LSRK</caom2:specsys>
                    <caom2:bandpassName>S-band</caom2:bandpassName>
                  </caom2:energy>
                  <caom2:polarization>
                    <caom2:axis>
                      <caom2:axis>
                        <caom2:ctype>STOKES</caom2:ctype>
                      </caom2:axis>
                      <caom2:function>
                        <caom2:naxis>1</caom2:naxis>
                        <caom2:delta>1.0</caom2:delta>
                        <caom2:refCoord>
                          <caom2:pix>1.0</caom2:pix>
                          <caom2:val>1.0</caom2:val>
                        </caom2:refCoord>
                      </caom2:function>
                    </caom2:axis>
                  </caom2:polarization>
                </caom2:chunk>
              </caom2:chunks>
            </caom2:part>
          </caom2:parts>
        </caom2:artifact>
        <caom2:artifact caom2:id="6aa62bc8-c799-4eef-be5d-1b074d73d206" caom2:metaProducer="vlass2caom2/0.11">
          <caom2:uri>ad:VLASS/VLASS2.1.se.T10t01.J000200-003000.06.2048.v1.I.iter3.image.pbcor.tt0.rms.subim.fits</caom2:uri>
          <caom2:productType>noise</caom2:productType>
          <caom2:releaseType>data</caom2:releaseType>
          <caom2:contentType>application/fits</caom2:contentType>
          <caom2:contentLength>18969</caom2:contentLength>
          <caom2:parts>
            <caom2:part caom2:id="d851c90a-f18c-4023-a4c4-37bd4931198a">
              <caom2:name>0</caom2:name>
              <caom2:chunks>
                <caom2:chunk caom2:id="55931059-0550-4205-a7be-174275fc2cc9" caom2:metaProducer="vlass2caom2/0.11">
                  <caom2:naxis>4</caom2:naxis>
                  <caom2:positionAxis1>1</caom2:positionAxis1>
                  <caom2:positionAxis2>2</caom2:positionAxis2>
                  <caom2:energyAxis>3</caom2:energyAxis>
                  <caom2:polarizationAxis>4</caom2:polarizationAxis>
                  <caom2:position>
                    <caom2:axis>
                      <caom2:axis1>
                        <caom2:ctype>RA---SIN</caom2:ctype>
                        <caom2:cunit>deg</caom2:cunit>
                      </caom2:axis1>
                      <caom2:axis2>
                        <caom2:ctype>DEC--SIN</caom2:ctype>
                        <caom2:cunit>deg</caom2:cunit>
                      </caom2:axis2>
                      <caom2:function>
                        <caom2:dimension>
                          <caom2:naxis1>6202</caom2:naxis1>
                          <caom2:naxis2>6202</caom2:naxis2>
                        </caom2:dimension>
                        <caom2:refCoord>
                          <caom2:coord1>
                            <caom2:pix>3101.0</caom2:pix>
                            <caom2:val>0.499993379290412</caom2:val>
                          </caom2:coord1>
                          <caom2:coord2>
                            <caom2:pix>3101.0</caom2:pix>
                            <caom2:val>-0.500047762078505</caom2:val>
                          </caom2:coord2>
                        </caom2:refCoord>
                        <caom2:cd11>-0.0001666666666667</caom2:cd11>
                        <caom2:cd12>0.0</caom2:cd12>
                        <caom2:cd21>0.0</caom2:cd21>
                        <caom2:cd22>0.0001666666666667</caom2:cd22>
                      </caom2:function>
                    </caom2:axis>
                    <caom2:coordsys>ICRS</caom2:coordsys>
                    <caom2:equinox>2000.0</caom2:equinox>
                    <caom2:resolution>2.470016376213491</caom2:resolution>
                  </caom2:position>
                  <caom2:energy>
                    <caom2:axis>
                      <caom2:axis>
                        <caom2:ctype>FREQ</caom2:ctype>
                        <caom2:cunit>Hz</caom2:cunit>
                      </caom2:axis>
                      <caom2:function>
                        <caom2:naxis>1</caom2:naxis>
                        <caom2:delta>2072349616.162</caom2:delta>
                        <caom2:refCoord>
                          <caom2:pix>1.0</caom2:pix>
                          <caom2:val>3000000000.0</caom2:val>
                        </caom2:refCoord>
                      </caom2:function>
                    </caom2:axis>
                    <caom2:specsys>LSRK</caom2:specsys>
                    <caom2:bandpassName>S-band</caom2:bandpassName>
                  </caom2:energy>
                  <caom2:polarization>
                    <caom2:axis>
                      <caom2:axis>
                        <caom2:ctype>STOKES</caom2:ctype>
                      </caom2:axis>
                      <caom2:function>
                        <caom2:naxis>1</caom2:naxis>
                        <caom2:delta>1.0</caom2:delta>
                        <caom2:refCoord>
                          <caom2:pix>1.0</caom2:pix>
                          <caom2:val>1.0</caom2:val>
                        </caom2:refCoord>
                      </caom2:function>
                    </caom2:axis>
                  </caom2:polarization>
                </caom2:chunk>
              </caom2:chunks>
            </caom2:part>
          </caom2:parts>
        </caom2:artifact>
        <caom2:artifact caom2:id="095e4463-0ff0-4046-868d-295a32becde4" caom2:metaProducer="vlass2caom2/0.11">
          <caom2:uri>ad:VLASS/VLASS2.1.se.T10t01.J000200-003000.06.2048.v1.I.iter3.image.pbcor.tt0.subim.fits</caom2:uri>
          <caom2:productType>science</caom2:productType>
          <caom2:releaseType>data</caom2:releaseType>
          <caom2:contentType>application/fits</caom2:contentType>
          <caom2:contentLength>17588</caom2:contentLength>
          <caom2:parts>
            <caom2:part caom2:id="9f6de0e4-9c1c-48e2-a928-25f692041113">
              <caom2:name>0</caom2:name>
              <caom2:chunks>
                <caom2:chunk caom2:id="1e4a912e-f470-4e6e-aae7-086da072f698" caom2:metaProducer="vlass2caom2/0.11">
                  <caom2:naxis>4</caom2:naxis>
                  <caom2:positionAxis1>1</caom2:positionAxis1>
                  <caom2:positionAxis2>2</caom2:positionAxis2>
                  <caom2:energyAxis>3</caom2:energyAxis>
                  <caom2:polarizationAxis>4</caom2:polarizationAxis>
                  <caom2:position>
                    <caom2:axis>
                      <caom2:axis1>
                        <caom2:ctype>RA---SIN</caom2:ctype>
                        <caom2:cunit>deg</caom2:cunit>
                      </caom2:axis1>
                      <caom2:axis2>
                        <caom2:ctype>DEC--SIN</caom2:ctype>
                        <caom2:cunit>deg</caom2:cunit>
                      </caom2:axis2>
                      <caom2:function>
                        <caom2:dimension>
                          <caom2:naxis1>6202</caom2:naxis1>
                          <caom2:naxis2>6202</caom2:naxis2>
                        </caom2:dimension>
                        <caom2:refCoord>
                          <caom2:coord1>
                            <caom2:pix>3101.0</caom2:pix>
                            <caom2:val>0.499993379290412</caom2:val>
                          </caom2:coord1>
                          <caom2:coord2>
                            <caom2:pix>3101.0</caom2:pix>
                            <caom2:val>-0.500047762078505</caom2:val>
                          </caom2:coord2>
                        </caom2:refCoord>
                        <caom2:cd11>-0.0001666666666667</caom2:cd11>
                        <caom2:cd12>0.0</caom2:cd12>
                        <caom2:cd21>0.0</caom2:cd21>
                        <caom2:cd22>0.0001666666666667</caom2:cd22>
                      </caom2:function>
                    </caom2:axis>
                    <caom2:coordsys>ICRS</caom2:coordsys>
                    <caom2:equinox>2000.0</caom2:equinox>
                    <caom2:resolution>2.470016376213491</caom2:resolution>
                  </caom2:position>
                  <caom2:energy>
                    <caom2:axis>
                      <caom2:axis>
                        <caom2:ctype>FREQ</caom2:ctype>
                        <caom2:cunit>Hz</caom2:cunit>
                      </caom2:axis>
                      <caom2:function>
                        <caom2:naxis>1</caom2:naxis>
                        <caom2:delta>2072349616.162</caom2:delta>
                        <caom2:refCoord>
                          <caom2:pix>1.0</caom2:pix>
                          <caom2:val>3000000000.0</caom2:val>
                        </caom2:refCoord>
                      </caom2:function>
                    </caom2:axis>
                    <caom2:specsys>LSRK</caom2:specsys>
                    <caom2:bandpassName>S-band</caom2:bandpassName>
                  </caom2:energy>
                  <caom2:polarization>
                    <caom2:axis>
                      <caom2:axis>
                        <caom2:ctype>STOKES</caom2:ctype>
                      </caom2:axis>
                      <caom2:function>
                        <caom2:naxis>1</caom2:naxis>
                        <caom2:delta>1.0</caom2:delta>
                        <caom2:refCoord>
                          <caom2:pix>1.0</caom2:pix>
                          <caom2:val>1.0</caom2:val>
                        </caom2:refCoord>
                      </caom2:function>
                    </caom2:axis>
                  </caom2:polarization>
                </caom2:chunk>
              </caom2:chunks>
            </caom2:part>
          </caom2:parts>
        </caom2:artifact>
        <caom2:artifact caom2:id="c3398fd7-2172-4458-9bd5-f4403e24ba90" caom2:metaProducer="vlass2caom2/0.11">
          <caom2:uri>ad:VLASS/VLASS2.1.se.T10t01.J000200-003000.06.2048.v1.I.iter3.image.pbcor.tt1.rms.subim.fits</caom2:uri>
          <caom2:productType>noise</caom2:productType>
          <caom2:releaseType>data</caom2:releaseType>
          <caom2:contentType>application/fits</caom2:contentType>
          <caom2:contentLength>17754</caom2:contentLength>
          <caom2:parts>
            <caom2:part caom2:id="ceebea53-4bb5-4f94-8dfc-0efeb34db957">
              <caom2:name>0</caom2:name>
              <caom2:chunks>
                <caom2:chunk caom2:id="cc3d13de-d804-43f8-8b2b-be19f5878667" caom2:metaProducer="vlass2caom2/0.11">
                  <caom2:naxis>4</caom2:naxis>
                  <caom2:positionAxis1>1</caom2:positionAxis1>
                  <caom2:positionAxis2>2</caom2:positionAxis2>
                  <caom2:energyAxis>3</caom2:energyAxis>
                  <caom2:polarizationAxis>4</caom2:polarizationAxis>
                  <caom2:position>
                    <caom2:axis>
                      <caom2:axis1>
                        <caom2:ctype>RA---SIN</caom2:ctype>
                        <caom2:cunit>deg</caom2:cunit>
                      </caom2:axis1>
                      <caom2:axis2>
                        <caom2:ctype>DEC--SIN</caom2:ctype>
                        <caom2:cunit>deg</caom2:cunit>
                      </caom2:axis2>
                      <caom2:function>
                        <caom2:dimension>
                          <caom2:naxis1>6202</caom2:naxis1>
                          <caom2:naxis2>6202</caom2:naxis2>
                        </caom2:dimension>
                        <caom2:refCoord>
                          <caom2:coord1>
                            <caom2:pix>3101.0</caom2:pix>
                            <caom2:val>0.499993379290412</caom2:val>
                          </caom2:coord1>
                          <caom2:coord2>
                            <caom2:pix>3101.0</caom2:pix>
                            <caom2:val>-0.500047762078505</caom2:val>
                          </caom2:coord2>
                        </caom2:refCoord>
                        <caom2:cd11>-0.0001666666666667</caom2:cd11>
                        <caom2:cd12>0.0</caom2:cd12>
                        <caom2:cd21>0.0</caom2:cd21>
                        <caom2:cd22>0.0001666666666667</caom2:cd22>
                      </caom2:function>
                    </caom2:axis>
                    <caom2:coordsys>ICRS</caom2:coordsys>
                    <caom2:equinox>2000.0</caom2:equinox>
                    <caom2:resolution>2.470016376213491</caom2:resolution>
                  </caom2:position>
                  <caom2:energy>
                    <caom2:axis>
                      <caom2:axis>
                        <caom2:ctype>FREQ</caom2:ctype>
                        <caom2:cunit>Hz</caom2:cunit>
                      </caom2:axis>
                      <caom2:function>
                        <caom2:naxis>1</caom2:naxis>
                        <caom2:delta>2072349616.162</caom2:delta>
                        <caom2:refCoord>
                          <caom2:pix>1.0</caom2:pix>
                          <caom2:val>3000000000.0</caom2:val>
                        </caom2:refCoord>
                      </caom2:function>
                    </caom2:axis>
                    <caom2:specsys>LSRK</caom2:specsys>
                    <caom2:bandpassName>S-band</caom2:bandpassName>
                  </caom2:energy>
                  <caom2:polarization>
                    <caom2:axis>
                      <caom2:axis>
                        <caom2:ctype>STOKES</caom2:ctype>
                      </caom2:axis>
                      <caom2:function>
                        <caom2:naxis>1</caom2:naxis>
                        <caom2:delta>1.0</caom2:delta>
                        <caom2:refCoord>
                          <caom2:pix>1.0</caom2:pix>
                          <caom2:val>1.0</caom2:val>
                        </caom2:refCoord>
                      </caom2:function>
                    </caom2:axis>
                  </caom2:polarization>
                </caom2:chunk>
              </caom2:chunks>
            </caom2:part>
          </caom2:parts>
        </caom2:artifact>
        <caom2:artifact caom2:id="74c7ca12-ba31-4655-a6ea-6055e529453c" caom2:metaProducer="vlass2caom2/0.11">
          <caom2:uri>ad:VLASS/VLASS2.1.se.T10t01.J000200-003000.06.2048.v1.I.iter3.image.pbcor.tt1.subim.fits</caom2:uri>
          <caom2:productType>science</caom2:productType>
          <caom2:releaseType>data</caom2:releaseType>
          <caom2:contentType>application/fits</caom2:contentType>
          <caom2:contentLength>16373</caom2:contentLength>
          <caom2:parts>
            <caom2:part caom2:id="f620b1b8-4cff-4814-b6ec-b130a86e3536">
              <caom2:name>0</caom2:name>
              <caom2:chunks>
                <caom2:chunk caom2:id="8432b568-1495-4dbc-ac6a-7444850959e0" caom2:metaProducer="vlass2caom2/0.11">
                  <caom2:naxis>4</caom2:naxis>
                  <caom2:positionAxis1>1</caom2:positionAxis1>
                  <caom2:positionAxis2>2</caom2:positionAxis2>
                  <caom2:energyAxis>3</caom2:energyAxis>
                  <caom2:polarizationAxis>4</caom2:polarizationAxis>
                  <caom2:position>
                    <caom2:axis>
                      <caom2:axis1>
                        <caom2:ctype>RA---SIN</caom2:ctype>
                        <caom2:cunit>deg</caom2:cunit>
                      </caom2:axis1>
                      <caom2:axis2>
                        <caom2:ctype>DEC--SIN</caom2:ctype>
                        <caom2:cunit>deg</caom2:cunit>
                      </caom2:axis2>
                      <caom2:function>
                        <caom2:dimension>
                          <caom2:naxis1>6202</caom2:naxis1>
                          <caom2:naxis2>6202</caom2:naxis2>
                        </caom2:dimension>
                        <caom2:refCoord>
                          <caom2:coord1>
                            <caom2:pix>3101.0</caom2:pix>
                            <caom2:val>0.499993379290412</caom2:val>
                          </caom2:coord1>
                          <caom2:coord2>
                            <caom2:pix>3101.0</caom2:pix>
                            <caom2:val>-0.500047762078505</caom2:val>
                          </caom2:coord2>
                        </caom2:refCoord>
                        <caom2:cd11>-0.0001666666666667</caom2:cd11>
                        <caom2:cd12>0.0</caom2:cd12>
                        <caom2:cd21>0.0</caom2:cd21>
                        <caom2:cd22>0.0001666666666667</caom2:cd22>
                      </caom2:function>
                    </caom2:axis>
                    <caom2:coordsys>ICRS</caom2:coordsys>
                    <caom2:equinox>2000.0</caom2:equinox>
                    <caom2:resolution>2.470016376213491</caom2:resolution>
                  </caom2:position>
                  <caom2:energy>
                    <caom2:axis>
                      <caom2:axis>
                        <caom2:ctype>FREQ</caom2:ctype>
                        <caom2:cunit>Hz</caom2:cunit>
                      </caom2:axis>
                      <caom2:function>
                        <caom2:naxis>1</caom2:naxis>
                        <caom2:delta>2072349616.162</caom2:delta>
                        <caom2:refCoord>
                          <caom2:pix>1.0</caom2:pix>
                          <caom2:val>3000000000.0</caom2:val>
                        </caom2:refCoord>
                      </caom2:function>
                    </caom2:axis>
                    <caom2:specsys>LSRK</caom2:specsys>
                    <caom2:bandpassName>S-band</caom2:bandpassName>
                  </caom2:energy>
                  <caom2:polarization>
                    <caom2:axis>
                      <caom2:axis>
                        <caom2:ctype>STOKES</caom2:ctype>
                      </caom2:axis>
                      <caom2:function>
                        <caom2:naxis>1</caom2:naxis>
                        <caom2:delta>1.0</caom2:delta>
                        <caom2:refCoord>
                          <caom2:pix>1.0</caom2:pix>
                          <caom2:val>1.0</caom2:val>
                        </caom2:refCoord>
                      </caom2:function>
                    </caom2:axis>
                  </caom2:polarization>
                </caom2:chunk>
              </caom2:chunks>
            </caom2:part>
          </caom2:parts>
        </caom2:artifact>
        <caom2:artifact caom2:id="84c7ca12-ba31-4655-a6ea-6055e529453c" caom2:metaProducer="vlass2caom2/0.11">
          <caom2:uri>ad:VLASS/VLASS2.1.se.T10t01.J000200-003000.06.2048.v1.I.catalog.csv</caom2:uri>
          <caom2:productType>auxiliary</caom2:productType>
          <caom2:releaseType>data</caom2:releaseType>
          <caom2:contentType>application/fits</caom2:contentType>
          <caom2:contentLength>4635</caom2:contentLength>
          <caom2:parts/>
        </caom2:artifact>
      </caom2:artifacts>
    </caom2:plane>
  </caom2:planes>
</caom2:Observation>
