<caom2:Observation xmlns:caom2="http://www.opencadc.org/caom2/xml/v2.4" xmlns:xsi="http://www.w3.org/2001/XMLSchema-instance" xsi:type="caom2:SimpleObservation" caom2:id="65d4d6f2-0236-4d34-9309-d7c646930a74" caom2:lastModified="2024-02-09T06:52:21.874" caom2:maxLastModified="2024-02-09T06:55:26.896" caom2:metaChecksum="md5:83563e52576d541017d824d7e01de843" caom2:accMetaChecksum="md5:701101eb8a597f84d8f3e245eb529a44" caom2:metaProducer="vlass2caom2/0.13">
  <caom2:collection>VLASS</caom2:collection>
  <caom2:observationID>VLASS2.1.T13t10.J063820+113000</caom2:observationID>
  <caom2:metaRelease>2020-07-18T17:15:53.099999</caom2:metaRelease>
  <caom2:algorithm>
    <caom2:name>exposure</caom2:name>
  </caom2:algorithm>
  <caom2:type>OBJECT</caom2:type>
  <caom2:intent>science</caom2:intent>
  <caom2:proposal>
    <caom2:id>VLASS2.1</caom2:id>
    <caom2:project>VLASS</caom2:project>
    <caom2:title>VLA Sky Survey</caom2:title>
  </caom2:proposal>
  <caom2:target>
    <caom2:name>J063820+113000</caom2:name>
    <caom2:type>field</caom2:type>
  </caom2:target>
  <caom2:telescope>
    <caom2:name>EVLA</caom2:name>
    <caom2:geoLocationX>-1601156.673287</caom2:geoLocationX>
    <caom2:geoLocationY>-5041988.986066</caom2:geoLocationY>
    <caom2:geoLocationZ>3554879.236821</caom2:geoLocationZ>
  </caom2:telescope>
  <caom2:instrument>
    <caom2:name>S-WIDAR</caom2:name>
  </caom2:instrument>
  <caom2:planes>
    <caom2:plane caom2:id="6f5b1fcb-f1f5-4765-9b89-035b9924290a" caom2:lastModified="2024-02-09T06:55:26.896" caom2:maxLastModified="2024-02-09T06:55:26.896" caom2:metaChecksum="md5:3cbcdd9fbe044768b7f5ad605ef28b29" caom2:accMetaChecksum="md5:be4012ab75adcfe3e41ad4ab3d6d388b" caom2:metaProducer="vlass2caom2/0.13">
      <caom2:productID>VLASS2.1.T13t10.J063820+113000.continuum_imaging</caom2:productID>
      <caom2:metaRelease>2020-07-18T17:15:53.099999</caom2:metaRelease>
      <caom2:dataRelease>2020-07-18T17:15:53.099999</caom2:dataRelease>
      <caom2:dataProductType>image</caom2:dataProductType>
      <caom2:calibrationLevel>3</caom2:calibrationLevel>
      <caom2:provenance>
        <caom2:name>CASA 6.4.1-12 CASAtools:v1.0.0</caom2:name>
        <caom2:project>VLASS</caom2:project>
        <caom2:producer>NRAO</caom2:producer>
        <caom2:runID>v1</caom2:runID>
        <caom2:lastExecuted>2023-11-01T14:38:25.832916</caom2:lastExecuted>
      </caom2:provenance>
      <caom2:artifacts>
        <caom2:artifact caom2:id="bdeb080c-9a51-468f-9bfb-737c7841c166" caom2:lastModified="2024-02-09T06:52:21.874" caom2:maxLastModified="2024-02-09T06:52:21.874" caom2:metaChecksum="md5:64df8db538b9535dc9be5e7660fec25c" caom2:accMetaChecksum="md5:24d6fe9759d35b0a055643baa54f6fc3" caom2:metaProducer="vlass2caom2/0.13">
          <caom2:uri>nrao:VLASS/VLASS2.1.se.T13t10.J063820+113000.06.2048.v1.I.iter3.alpha.error.subim.fits</caom2:uri>
          <caom2:productType>auxiliary</caom2:productType>
          <caom2:releaseType>data</caom2:releaseType>
          <caom2:contentType>application/fits</caom2:contentType>
          <caom2:contentLength>61236</caom2:contentLength>
          <caom2:contentChecksum>md5:4c89847bd1fe2c1710ad4a070fbbffae</caom2:contentChecksum>
          <caom2:parts>
            <caom2:part caom2:id="59dea135-05b0-466c-ab12-affee071cff6" caom2:lastModified="2024-02-09T06:52:21.874" caom2:maxLastModified="2024-02-09T06:52:21.874" caom2:metaChecksum="md5:aa830eb9fa9d38e8c4fe8dd089d4092a" caom2:accMetaChecksum="md5:bb35ff4ca5253858434f4b18ad0ea0b2">
              <caom2:name>0</caom2:name>
              <caom2:chunks>
                <caom2:chunk caom2:id="5561c1ca-3c33-49f8-ac47-846631f8d86b" caom2:lastModified="2024-02-09T06:52:21.874" caom2:maxLastModified="2024-02-09T06:52:21.874" caom2:metaChecksum="md5:46230d98cf5fe84c790511cbdd54eadc" caom2:accMetaChecksum="md5:564589e36bdf507e5be824db7b3e96da" caom2:metaProducer="vlass2caom2/0.13">
                  <caom2:naxis>4</caom2:naxis>
                  <caom2:positionAxis1>1</caom2:positionAxis1>
                  <caom2:positionAxis2>2</caom2:positionAxis2>
                  <caom2:energyAxis>3</caom2:energyAxis>
                  <caom2:polarizationAxis>4</caom2:polarizationAxis>
                  <caom2:position>
                    <caom2:axis>
                      <caom2:axis1>
                        <caom2:ctype>RA---SIN</caom2:ctype>
                        <caom2:cunit>deg</caom2:cunit>
                      </caom2:axis1>
                      <caom2:axis2>
                        <caom2:ctype>DEC--SIN</caom2:ctype>
                        <caom2:cunit>deg</caom2:cunit>
                      </caom2:axis2>
                      <caom2:function>
                        <caom2:dimension>
                          <caom2:naxis1>6202</caom2:naxis1>
                          <caom2:naxis2>6202</caom2:naxis2>
                        </caom2:dimension>
                        <caom2:refCoord>
                          <caom2:coord1>
                            <caom2:pix>3101.0</caom2:pix>
                            <caom2:val>99.58423379383966</caom2:val>
                          </caom2:coord1>
                          <caom2:coord2>
                            <caom2:pix>3101.0</caom2:pix>
                            <caom2:val>11.49997101836925</caom2:val>
                          </caom2:coord2>
                        </caom2:refCoord>
                        <caom2:cd11>-0.0001666666666667</caom2:cd11>
                        <caom2:cd12>0.0</caom2:cd12>
                        <caom2:cd21>0.0</caom2:cd21>
                        <caom2:cd22>0.0001666666666667</caom2:cd22>
                      </caom2:function>
                    </caom2:axis>
                    <caom2:coordsys>ICRS</caom2:coordsys>
                    <caom2:equinox>2000.0</caom2:equinox>
                    <caom2:resolution>2.2936340218788445</caom2:resolution>
                  </caom2:position>
                  <caom2:energy>
                    <caom2:axis>
                      <caom2:axis>
                        <caom2:ctype>FREQ</caom2:ctype>
                        <caom2:cunit>Hz</caom2:cunit>
                      </caom2:axis>
                      <caom2:function>
                        <caom2:naxis>1</caom2:naxis>
                        <caom2:delta>2071922213.371</caom2:delta>
                        <caom2:refCoord>
                          <caom2:pix>1.0</caom2:pix>
                          <caom2:val>3000000000.0</caom2:val>
                        </caom2:refCoord>
                      </caom2:function>
                    </caom2:axis>
                    <caom2:specsys>LSRK</caom2:specsys>
                    <caom2:bandpassName>S-band</caom2:bandpassName>
                  </caom2:energy>
                  <caom2:polarization>
                    <caom2:axis>
                      <caom2:axis>
                        <caom2:ctype>STOKES</caom2:ctype>
                      </caom2:axis>
                      <caom2:function>
                        <caom2:naxis>1</caom2:naxis>
                        <caom2:delta>1.0</caom2:delta>
                        <caom2:refCoord>
                          <caom2:pix>1.0</caom2:pix>
                          <caom2:val>1.0</caom2:val>
                        </caom2:refCoord>
                      </caom2:function>
                    </caom2:axis>
                  </caom2:polarization>
                </caom2:chunk>
              </caom2:chunks>
            </caom2:part>
          </caom2:parts>
        </caom2:artifact>
      </caom2:artifacts>
    </caom2:plane>
    <caom2:plane caom2:id="6f5b1fcb-f1f5-4765-9b89-035b9924290a" caom2:lastModified="2024-02-09T06:55:26.896" caom2:maxLastModified="2024-02-09T06:55:26.896" caom2:metaChecksum="md5:3cbcdd9fbe044768b7f5ad605ef28b29" caom2:accMetaChecksum="md5:be4012ab75adcfe3e41ad4ab3d6d388b" caom2:metaProducer="vlass2caom2/0.13">
      <caom2:productID>VLASS2.1.T13t10.J063820+113000.continuum_catalog</caom2:productID>
      <caom2:metaRelease>2023-11-01T08:51:24.739175</caom2:metaRelease>
      <caom2:dataRelease>2023-11-01T08:51:24.739175</caom2:dataRelease>
      <caom2:dataProductType>http://www.opencadc.org/caom2/DataProductType#catalog</caom2:dataProductType>
      <caom2:calibrationLevel>4</caom2:calibrationLevel>
      <caom2:provenance>
        <caom2:name>run_getalpha</caom2:name>
        <caom2:version>2021-06-30 Py3 Verison 1.7</caom2:version>
        <caom2:project>VLASS</caom2:project>
        <caom2:producer>NRAO</caom2:producer>
        <caom2:runID>v1</caom2:runID>
        <caom2:lastExecuted>2023-11-01T08:51:24.739175</caom2:lastExecuted>
        <caom2:inputs>
          <caom2:planeURI>caom:VLASS/VLASS2.1.T13t10.J063820+113000/VLASS2.1.T13t10.J063820+113000.continuum_imaging</caom2:planeURI>
        </caom2:inputs>
      </caom2:provenance>
      <caom2:artifacts>
        <caom2:artifact caom2:id="70c34fe2-bad3-485d-bddd-2eda046344bc">
          <caom2:uri>nrao:VLASS/VLASS2.1.se.T13t10.J063820+113000.06.2048.v1.I.catalog.csv</caom2:uri>
          <caom2:productType>science</caom2:productType>
          <caom2:releaseType>data</caom2:releaseType>
          <caom2:contentType>text/csv</caom2:contentType>
          <caom2:contentLength>6469</caom2:contentLength>
          <caom2:contentChecksum>md5:d623c8ebfbfadf26949fa873609bb0ab</caom2:contentChecksum>
          <caom2:parts/>
        </caom2:artifact>
      </caom2:artifacts>
    </caom2:plane>
    <caom2:plane caom2:id="2c7a29f1-fe24-4939-b5aa-b4b8bae3b5c8" caom2:lastModified="2023-01-17T20:02:58.150" caom2:maxLastModified="2023-06-09T18:01:20.261" caom2:metaChecksum="md5:a4aab037265e343afdaaabfc8f4cd8d0" caom2:accMetaChecksum="md5:23604c16be1dd8f2579c5aeda6a0323c" caom2:metaProducer="vlass2caom2/0.12">
      <caom2:productID>VLASS2.1.T13t10.J063820+113000.quicklook</caom2:productID>
      <caom2:metaRelease>2020-07-18T17:15:53.099999</caom2:metaRelease>
      <caom2:dataRelease>2020-07-18T17:15:53.099999</caom2:dataRelease>
      <caom2:dataProductType>image</caom2:dataProductType>
      <caom2:calibrationLevel>2</caom2:calibrationLevel>
      <caom2:provenance>
        <caom2:name>CASA 5.6.3-19</caom2:name>
        <caom2:project>VLASS</caom2:project>
        <caom2:producer>NRAO</caom2:producer>
        <caom2:runID>v1</caom2:runID>
        <caom2:lastExecuted>2020-09-05T08:30:14.004000</caom2:lastExecuted>
      </caom2:provenance>
      <caom2:artifacts>
        <caom2:artifact caom2:id="782d7236-48a9-44ef-8cb5-906d53376c15" caom2:lastModified="2023-01-17T20:02:31.659" caom2:maxLastModified="2023-06-09T18:01:20.261" caom2:metaChecksum="md5:e2cdc154afa6c5015177a22abb7df6c8" caom2:accMetaChecksum="md5:ed8dc6c4feb2a64160d825389e2e9098" caom2:metaProducer="vlass2caom2/0.12">
          <caom2:uri>nrao:VLASS/VLASS2.1.ql.T13t10.J063820+113000.10.2048.v1.I.iter1.image.pbcor.tt0.subim.fits</caom2:uri>
          <caom2:productType>science</caom2:productType>
          <caom2:releaseType>data</caom2:releaseType>
          <caom2:contentType>application/fits</caom2:contentType>
          <caom2:contentLength>15714</caom2:contentLength>
          <caom2:contentChecksum>md5:a5194ad71d406eae3583238769744874</caom2:contentChecksum>
          <caom2:parts>
            <caom2:part caom2:id="53b7f544-2a1c-48b5-a4aa-652521db1871" caom2:lastModified="2020-09-12T01:26:30.829" caom2:maxLastModified="2023-06-09T18:01:20.261" caom2:metaChecksum="md5:7c85c73a7fd1880444706923a0ba722b" caom2:accMetaChecksum="md5:b1d7c012e80f42d31a13a03a3a746e52">
              <caom2:name>0</caom2:name>
              <caom2:chunks>
                <caom2:chunk caom2:id="8d0df654-00b4-4232-808a-c9ce007eb68f" caom2:lastModified="2023-06-09T18:01:20.261" caom2:maxLastModified="2023-06-09T18:01:20.261" caom2:metaChecksum="md5:0a5584a8f7381ae1ec4c7a94529f74bd" caom2:accMetaChecksum="md5:49b41c2f8fcc151a822d9f5137d3bc29" caom2:metaProducer="vlass2caom2/0.12">
                  <caom2:naxis>4</caom2:naxis>
                  <caom2:positionAxis1>1</caom2:positionAxis1>
                  <caom2:positionAxis2>2</caom2:positionAxis2>
                  <caom2:energyAxis>3</caom2:energyAxis>
                  <caom2:polarizationAxis>4</caom2:polarizationAxis>
                  <caom2:position>
                    <caom2:axis>
                      <caom2:axis1>
                        <caom2:ctype>RA---SIN</caom2:ctype>
                        <caom2:cunit>deg</caom2:cunit>
                      </caom2:axis1>
                      <caom2:axis2>
                        <caom2:ctype>DEC--SIN</caom2:ctype>
                        <caom2:cunit>deg</caom2:cunit>
                      </caom2:axis2>
                      <caom2:function>
                        <caom2:dimension>
                          <caom2:naxis1>3722</caom2:naxis1>
                          <caom2:naxis2>3722</caom2:naxis2>
                        </caom2:dimension>
                        <caom2:refCoord>
                          <caom2:coord1>
                            <caom2:pix>1861.0</caom2:pix>
                            <caom2:val>99.58423379505683</caom2:val>
                          </caom2:coord1>
                          <caom2:coord2>
                            <caom2:pix>1861.0</caom2:pix>
                            <caom2:val>11.4999710182705</caom2:val>
                          </caom2:coord2>
                        </caom2:refCoord>
                        <caom2:cd11>-0.0002777777777778</caom2:cd11>
                        <caom2:cd12>0.0</caom2:cd12>
                        <caom2:cd21>0.0</caom2:cd21>
                        <caom2:cd22>0.0002777777777778</caom2:cd22>
                      </caom2:function>
                    </caom2:axis>
                    <caom2:coordsys>ICRS</caom2:coordsys>
                    <caom2:equinox>2000.0</caom2:equinox>
                    <caom2:resolution>2.3471776958303017</caom2:resolution>
                  </caom2:position>
                  <caom2:energy>
                    <caom2:axis>
                      <caom2:axis>
                        <caom2:ctype>FREQ</caom2:ctype>
                        <caom2:cunit>Hz</caom2:cunit>
                      </caom2:axis>
                      <caom2:function>
                        <caom2:naxis>1</caom2:naxis>
                        <caom2:delta>2071922213.374</caom2:delta>
                        <caom2:refCoord>
                          <caom2:pix>1.0</caom2:pix>
                          <caom2:val>3000000000.0</caom2:val>
                        </caom2:refCoord>
                      </caom2:function>
                    </caom2:axis>
                    <caom2:specsys>LSRK</caom2:specsys>
                    <caom2:bandpassName>S-band</caom2:bandpassName>
                  </caom2:energy>
                  <caom2:polarization>
                    <caom2:axis>
                      <caom2:axis>
                        <caom2:ctype>STOKES</caom2:ctype>
                      </caom2:axis>
                      <caom2:function>
                        <caom2:naxis>1</caom2:naxis>
                        <caom2:delta>1.0</caom2:delta>
                        <caom2:refCoord>
                          <caom2:pix>1.0</caom2:pix>
                          <caom2:val>1.0</caom2:val>
                        </caom2:refCoord>
                      </caom2:function>
                    </caom2:axis>
                  </caom2:polarization>
                </caom2:chunk>
              </caom2:chunks>
            </caom2:part>
          </caom2:parts>
        </caom2:artifact>
      </caom2:artifacts>
    </caom2:plane>
  </caom2:planes>
</caom2:Observation>
